[backblue.gif]
[fade.gif]
[index.html]
[getnajmul.com/theme/cryptonio/images/favicon.ico]
[getnajmul.com/theme/cryptonio/js/assets/jquery-3.2.1.min.js]
[getnajmul.com/theme/cryptonio/images/logo.png]
[getnajmul.com/theme/cryptonio/images/header-01.png]
[getnajmul.com/theme/cryptonio/images/bounce/header1_b.png]
[getnajmul.com/theme/cryptonio/images/about-01.png]
[getnajmul.com/theme/cryptonio/images/icons/benefits1-01.png]
[getnajmul.com/theme/cryptonio/images/icons/benefits1-02.png]
[getnajmul.com/theme/cryptonio/images/icons/benefits1-03.png]
[getnajmul.com/theme/cryptonio/images/icons/benefits1-04.png]
[getnajmul.com/theme/cryptonio/images/benefits-01.png]
[getnajmul.com/theme/cryptonio/js/assets/popper.min.js]
[getnajmul.com/theme/cryptonio/images/shape/home_6/token_1.png]
[getnajmul.com/theme/cryptonio/images/shape/home_6/token_2.png]
[getnajmul.com/theme/cryptonio/images/shape/home_6/token_3.png]
[getnajmul.com/theme/cryptonio/images/shape/home_6/token_4.png]
[getnajmul.com/theme/cryptonio/images/shape/home_6/token_5.png]
[getnajmul.com/theme/cryptonio/images/shape/home_6/road_map_2.png]
[getnajmul.com/theme/cryptonio/images/shape/home_6/road_map_3.png]
[getnajmul.com/theme/cryptonio/images/logos/partner6-1.png]
[getnajmul.com/theme/cryptonio/images/logos/partner6-2.png]
[getnajmul.com/theme/cryptonio/images/logos/partner6-3.png]
[getnajmul.com/theme/cryptonio/images/logos/partner6-4.png]
[getnajmul.com/theme/cryptonio/images/logos/partner6-5.png]
[getnajmul.com/theme/cryptonio/images/logos/partner6-6.png]
[getnajmul.com/theme/cryptonio/images/logos/partner6-7.png]
[getnajmul.com/theme/cryptonio/images/logos/partner6-8.png]
[getnajmul.com/theme/cryptonio/images/team/team-01.jpg]
[getnajmul.com/theme/cryptonio/js/assets/bootstrap.min.js]
[getnajmul.com/theme/cryptonio/images/team/team-02.jpg]
[getnajmul.com/theme/cryptonio/js/assets/jquery.sticky.js]
[getnajmul.com/theme/cryptonio/js/assets/isotope.pkgd.min.js]
[getnajmul.com/theme/cryptonio/images/team/team-03.jpg]
[getnajmul.com/theme/cryptonio/js/assets/jquery.magnific-popup.min.js]
[getnajmul.com/theme/cryptonio/images/team/team-04.jpg]
[getnajmul.com/theme/cryptonio/js/assets/owl.carousel.min.js]
[getnajmul.com/theme/cryptonio/images/fap-01.png]
[getnajmul.com/theme/cryptonio/js/assets/smooth-scroll.js]
[getnajmul.com/theme/cryptonio/js/assets/jquery.countdown.js]
[getnajmul.com/theme/cryptonio/js/assets/wow.min.js]
[getnajmul.com/theme/cryptonio/index-02.html]
[getnajmul.com/theme/cryptonio/css/assets/bootstrap.min.css]
[getnajmul.com/theme/cryptonio/js/custom.js]
[getnajmul.com/theme/cryptonio/fonts/fa-brands-400.eot]
[getnajmul.com/theme/cryptonio/fonts/fa-brands-400d41d.eot]
[getnajmul.com/theme/cryptonio/fonts/fa-brands-400.woff2]
[getnajmul.com/theme/cryptonio/fonts/fa-brands-400.woff]
[getnajmul.com/theme/cryptonio/fonts/fa-brands-400.ttf]
[getnajmul.com/theme/cryptonio/fonts/fa-regular-400.eot]
[getnajmul.com/theme/cryptonio/fonts/fa-regular-400d41d.eot]
[getnajmul.com/theme/cryptonio/fonts/fa-regular-400.woff2]
[getnajmul.com/theme/cryptonio/fonts/fa-regular-400.woff]
[getnajmul.com/theme/cryptonio/fonts/fa-regular-400.ttf]
[getnajmul.com/theme/cryptonio/fonts/fa-solid-900.eot]
[getnajmul.com/theme/cryptonio/fonts/fa-solid-900d41d.eot]
[getnajmul.com/theme/cryptonio/fonts/fa-solid-900.woff2]
[getnajmul.com/theme/cryptonio/fonts/fa-solid-900.woff]
[getnajmul.com/theme/cryptonio/fonts/fa-solid-900.ttf]
[getnajmul.com/theme/cryptonio/css/assets/font-awesome.min.css]
[getnajmul.com/theme/cryptonio/fonts/flaticon/Flaticon.eot]
[getnajmul.com/theme/cryptonio/fonts/flaticon/Flaticond41d.eot]
[getnajmul.com/theme/cryptonio/fonts/flaticon/Flaticon.woff]
[getnajmul.com/theme/cryptonio/fonts/flaticon/Flaticon.ttf]
[getnajmul.com/theme/cryptonio/fonts/flaticon/flaticon.css]
[getnajmul.com/theme/cryptonio/css/assets/magnific-popup.css]
[getnajmul.com/theme/cryptonio/css/assets/jquery.countdown.css]
[getnajmul.com/theme/cryptonio/css/assets/animate.css]
[getnajmul.com/theme/cryptonio/css/assets/owl.carousel.css]
[getnajmul.com/theme/cryptonio/css/assets/owl.theme.css]
[getnajmul.com/theme/cryptonio/css/assets/preloader.css]
[getnajmul.com/theme/cryptonio/images/bg-img/banner-03.jpg]
[getnajmul.com/theme/cryptonio/images/bg-img/banner.jpg]
[getnajmul.com/theme/cryptonio/images/shape/shape-01.png]
[getnajmul.com/theme/cryptonio/images/shape/roadmap-1.png]
[getnajmul.com/theme/cryptonio/images/shape/companis_logo.png]
[getnajmul.com/theme/cryptonio/images/shape/shape-02.png]
[getnajmul.com/theme/cryptonio/images/bg-img/banner-02.png]
[getnajmul.com/theme/cryptonio/images/priceing-chats-bg-shpe.png]
[getnajmul.com/theme/cryptonio/images/shape/news-shape-01.png]
[getnajmul.com/theme/cryptonio/images/shape/news-shape-02.png]
[getnajmul.com/theme/cryptonio/images/bg-img/footer-02.jpg]
[getnajmul.com/theme/cryptonio/images/banner-04.png]
[getnajmul.com/theme/cryptonio/images/shape/redius-top-5.png]
[getnajmul.com/theme/cryptonio/images/shape/redius-btm-5.png]
[getnajmul.com/theme/cryptonio/images/bg-img/roadmap-05.png]
[getnajmul.com/theme/cryptonio/images/shape/home_6/pricing-1.png]
[getnajmul.com/theme/cryptonio/images/shape/home_6/pricing-2.png]
[getnajmul.com/theme/cryptonio/images/shape/home_6/road_map_1.png]
[getnajmul.com/theme/cryptonio/images/shape/home_6/shape-logo_border.png]
[getnajmul.com/theme/cryptonio/images/icons/search-icon.png]
[getnajmul.com/theme/cryptonio/css/style.css]
[getnajmul.com/theme/cryptonio/css/cryptonio.css]
[getnajmul.com/theme/cryptonio/css/responsive.css]
[getnajmul.com/theme/cryptonio/fonts/fa-brands-400.svg]
[getnajmul.com/theme/cryptonio/fonts/fa-regular-400.svg]
[getnajmul.com/theme/cryptonio/fonts/fa-solid-900.svg]
[getnajmul.com/theme/cryptonio/fonts/flaticon/Flaticon.svg]
