[getnajmul.com/theme/cryptonio/index-02.html]
[backblue.gif]
[fade.gif]
[index.html]
[getnajmul.com/theme/cryptonio/images/favicon.ico]
[getnajmul.com/theme/cryptonio/images/logo.png]
[getnajmul.com/theme/cryptonio/images/header-01.png]
[getnajmul.com/theme/cryptonio/images/bounce/header1_b.png]
[getnajmul.com/theme/cryptonio/images/about-01.png]
[getnajmul.com/theme/cryptonio/images/icons/benefits1-01.png]
[getnajmul.com/theme/cryptonio/images/icons/benefits1-02.png]
[getnajmul.com/theme/cryptonio/images/icons/benefits1-03.png]
[getnajmul.com/theme/cryptonio/images/icons/benefits1-04.png]
[getnajmul.com/theme/cryptonio/images/benefits-01.png]
[getnajmul.com/theme/cryptonio/images/shape/home_6/token_1.png]
[getnajmul.com/theme/cryptonio/images/shape/home_6/token_2.png]
[getnajmul.com/theme/cryptonio/images/shape/home_6/token_3.png]
[getnajmul.com/theme/cryptonio/images/shape/home_6/token_4.png]
[getnajmul.com/theme/cryptonio/images/shape/home_6/token_5.png]
[getnajmul.com/theme/cryptonio/images/shape/home_6/road_map_2.png]
[getnajmul.com/theme/cryptonio/images/shape/home_6/road_map_3.png]
[getnajmul.com/theme/cryptonio/images/logos/partner6-1.png]
[getnajmul.com/theme/cryptonio/images/logos/partner6-2.png]
[getnajmul.com/theme/cryptonio/images/logos/partner6-3.png]
[getnajmul.com/theme/cryptonio/images/logos/partner6-4.png]
[getnajmul.com/theme/cryptonio/images/logos/partner6-5.png]
[getnajmul.com/theme/cryptonio/images/logos/partner6-6.png]
[getnajmul.com/theme/cryptonio/images/logos/partner6-7.png]
[getnajmul.com/theme/cryptonio/images/logos/partner6-8.png]
[getnajmul.com/theme/cryptonio/images/team/team-01.jpg]
[getnajmul.com/theme/cryptonio/images/team/team-02.jpg]
[getnajmul.com/theme/cryptonio/images/team/team-03.jpg]
[getnajmul.com/theme/cryptonio/images/team/team-04.jpg]
[getnajmul.com/theme/cryptonio/images/fap-01.png]
